
> safari-temp@0.1.0 build
> react-scripts build

Creating an optimized production build...
Failed to compile.

static/css/main.d2e7d610.css from Css Minimizer plugin
Error: Unexpected '/'. Escaping special characters with \ may help.


